Microchip MPLAB XC8 Compiler V2.41

Linker command line:

-W-3 \
  --edf=C:/Program Files/Microchip/MPLABX/v6.15/packs/Microchip/PIC18Fxxxx_DFP/1.4.151/xc8\pic\dat\20230323171731_en.msgs \
  -cn -h+dist/default/debug\EmbeddedDiplomaProject.X.debug.sym \
  --cmf=dist/default/debug\EmbeddedDiplomaProject.X.debug.cmf -z -w9 \
  --disl=596:off -Q18F4620 \
  -oC:\Users\fathy\AppData\Local\Temp\xcAslek.\driver_tmp_3.o \
  --defsym=__MPLAB_BUILD=1 \
  -Mdist/default/debug/EmbeddedDiplomaProject.X.debug.map \
  --md=C:\Users\fathy\AppData\Local\Temp\xcAslek.\driver_tmp_0.dat -E1 \
  -ver=XC8 Compiler --acfsm=1493 -ACODE=00h-0FFFFh -ACONST=00h-0FFFFh \
  -ASMALLCONST=01000h-010FFhx240 -AMEDIUMCONST=01000h-0FFFFh \
  -ACOMRAM=01h-07Fh -AABS1=00h-0F7Fh -ABIGRAM=01h-0F7Fh \
  -ARAM=080h-0FFh,0100h-01FFhx14,0F00h-0F7Fh -ABANK0=080h-0FFh \
  -ABANK1=0100h-01FFh -ABANK2=0200h-02FFh -ABANK3=0300h-03FFh \
  -ABANK4=0400h-04FFh -ABANK5=0500h-05FFh -ABANK6=0600h-06FFh \
  -ABANK7=0700h-07FFh -ABANK8=0800h-08FFh -ABANK9=0900h-09FFh \
  -ABANK10=0A00h-0AFFh -ABANK11=0B00h-0BFFh -ABANK12=0C00h-0CFFh \
  -ABANK13=0D00h-0DFFh -ABANK14=0E00h-0EFFh -ABANK15=0F00h-0F7Fh \
  -ASFR=0F80h-0FFFh -ABIGSFR=0F80h-0FFFh -ACONFIG=0300000h-030000Dh \
  -AIDLOC=0200000h-0200007h -AEEDATA=0F00000h-0F003FFh -peeprom_data=EEDATA \
  -preset_vec=00h,intcode,intcodelo,powerup,init -pramtop=01000h \
  -psmallconst=SMALLCONST -pmediumconst=MEDIUMCONST -pconst=CONST \
  -AFARRAM=00h-00h \
  -prdata=COMRAM,nvrram=COMRAM,nvbit=COMRAM,rbss=COMRAM,rbit=COMRAM \
  -pfarbss=FARRAM,fardata=FARRAM,nvFARRAM=FARRAM \
  -pintsave_regs=BIGRAM,bigbss=BIGRAM,bigdata=BIGRAM -pbss=RAM \
  -pidata=CODE,irdata=CODE,ibigdata=CODE,ifardata=CODE \
  C:\Users\fathy\AppData\Local\Temp\xcAslek.\driver_tmp_9.o \
  dist/default/debug\EmbeddedDiplomaProject.X.debug.o 

Object code version is 3.11

Machine type is 18F4620



                Name                               Link     Load   Length Selector   Space Scale
C:\Users\fathy\AppData\Local\Temp\xcAslek.\driver_tmp_9.o
                config                           300000   300000        E        0       4
                init                                  6        6        4        0       0
dist/default/debug\EmbeddedDiplomaProject.X.debug.o
                intcode                               0        0        6        0       0
                config                           300000   300000        E        0       4
                temp                                 70       70        1        1       1
                smallconst                         1000     1000       16      800       0
                text26                             19F8     19F8        4      CEE       0
                text25                             19F4     19F4        4      CEE       0
                text24                             19FC     19FC        2      CEE       0
                text23                             19F0     19F0        4      CEE       0
                text22                             19EC     19EC        4      CEE       0
                text21                             19E8     19E8        4      CEE       0
                text20                             19E4     19E4        4      CEE       0
                text19                             1992     1992       1A      80B       0
                text18                             1978     1978       1A      80B       0
                text17                             195E     195E       1A      80B       0
                text16                             1944     1944       1A      80B       0
                text15                             19C4     19C4        C      80B       0
                text14                             19B8     19B8        C      80B       0
                text13                             19DC     19DC        8      CEE       0
                text12                             19AC     19AC        C      80B       0
                intcode_body                       1016     1016      436      80B       0
                text10                             1872     1872       3E      80B       0
                text9                              15CE     15CE       A4      80B       0
                text8                              1672     1672       70      80B       0
                text7                              1834     1834       3E      80B       0
                text6                              17F6     17F6       3E      80B       0
                text5                              1512     1512       BC      80B       0
                text4                              18E8     18E8       38      80B       0
                text3                              18B0     18B0       38      80B       0
                text2                              16E2     16E2       66      80B       0
                text1                              17AA     17AA       4C      80B       0
                text0                              144C     144C       C6      80B       0
                cstackCOMRAM                         49       49       1C        1       1
                cstackBANK0                          B2       B2        B       80       1
                dataBANK0                            80       80       24       80       1
                bssBANK0                             A4       A4        E       80       1
                dataCOMRAM                           65       65        B        1       1
                bssCOMRAM                             1        1       48        1       1
                cinit                              1748     1748       62      80B       0
                idataBANK0                         1920     1920       24      80B       0
                idataCOMRAM                        19D0     19D0        B      80B       0

TOTAL           Name                               Link     Load   Length     Space
        CLASS   CODE           
                intcode                               0        0        6         0
                init                                  6        6        4         0
                text26                             19F8     19F8        4         0
                text25                             19F4     19F4        4         0
                text24                             19FC     19FC        2         0
                text23                             19F0     19F0        4         0
                text22                             19EC     19EC        4         0
                text21                             19E8     19E8        4         0
                text20                             19E4     19E4        4         0
                text19                             1992     1992       1A         0
                text18                             1978     1978       1A         0
                text17                             195E     195E       1A         0
                text16                             1944     1944       1A         0
                text15                             19C4     19C4        C         0
                text14                             19B8     19B8        C         0
                text13                             19DC     19DC        8         0
                text12                             19AC     19AC        C         0
                intcode_body                       1016     1016      436         0
                text10                             1872     1872       3E         0
                text9                              15CE     15CE       A4         0
                text8                              1672     1672       70         0
                text7                              1834     1834       3E         0
                text6                              17F6     17F6       3E         0
                text5                              1512     1512       BC         0
                text4                              18E8     18E8       38         0
                text3                              18B0     18B0       38         0
                text2                              16E2     16E2       66         0
                text1                              17AA     17AA       4C         0
                text0                              144C     144C       C6         0
                cinit                              1748     1748       62         0
                idataBANK0                         1920     1920       24         0
                idataCOMRAM                        19D0     19D0        B         0

        CLASS   CONST          

        CLASS   SMALLCONST     
                smallconst                         1000     1000       16         0

        CLASS   MEDIUMCONST    

        CLASS   COMRAM         
                temp                                 70       70        1         1
                cstackCOMRAM                         49       49       1C         1
                dataCOMRAM                           65       65        B         1
                bssCOMRAM                             1        1       48         1

        CLASS   ABS1           

        CLASS   BIGRAM         

        CLASS   RAM            

        CLASS   BANK0          
                cstackBANK0                          B2       B2        B         1
                dataBANK0                            80       80       24         1
                bssBANK0                             A4       A4        E         1

        CLASS   BANK1          

        CLASS   BANK2          

        CLASS   BANK3          

        CLASS   BANK4          

        CLASS   BANK5          

        CLASS   BANK6          

        CLASS   BANK7          

        CLASS   BANK8          

        CLASS   BANK9          

        CLASS   BANK10         

        CLASS   BANK11         

        CLASS   BANK12         

        CLASS   BANK13         

        CLASS   BANK14         

        CLASS   BANK15         

        CLASS   SFR            

        CLASS   BIGSFR         

        CLASS   CONFIG         
                config                           300000   300000        E         4

        CLASS   IDLOC          

        CLASS   EEDATA         

        CLASS   FARRAM         

        CLASS   HEAP           

        CLASS   STACK          



SEGMENTS        Name                           Load    Length   Top    Selector   Space  Class

                reset_vec                      000000  00000A  00000A         0       0  CODE    
                bssCOMRAM                      000001  000070  000071         1       1  COMRAM  
                dataBANK0                      000080  00003D  0000BD        80       1  BANK0   
                smallconst                     001000  000016  001016       800       0  SMALLCON
                intcode_body                   001016  0009C5  0019DB       80B       0  CODE    
                text13                         0019DC  000022  0019FE       CEE       0  CODE    


UNUSED ADDRESS RANGES

        Name                Unused          Largest block    Delta
        BANK0            0000BD-0000FF               43
        BANK1            000100-0001FF              100
        BANK10           000A00-000AFF              100
        BANK11           000B00-000BFF              100
        BANK12           000C00-000CFF              100
        BANK13           000D00-000DFF              100
        BANK14           000E00-000EFF              100
        BANK15           000F00-000F7F               80
        BANK2            000200-0002FF              100
        BANK3            000300-0003FF              100
        BANK4            000400-0004FF              100
        BANK5            000500-0005FF              100
        BANK6            000600-0006FF              100
        BANK7            000700-0007FF              100
        BANK8            000800-0008FF              100
        BANK9            000900-0009FF              100
        BIGRAM           000071-00007F                F
                         0000BD-000F7F              EC3
        BIGSFR           000F80-000FFF               80
        CODE             00000A-000FFF              FF6
                         0019DB-0019DB                1
                         0019FE-00FFFF             E602
        COMRAM           000071-00007F                F
        CONST            00000A-000FFF              FF6
                         0019DB-0019DB                1
                         0019FE-00FFFF             E602
        EEDATA           F00000-F003FF              400
        IDLOC            200000-200007                8
        MEDIUMCONST      0019DB-0019DB                1
                         0019FE-00FFFF             E602
        RAM              0000BD-000F7F              100
        SFR              000F80-000FFF               80
        SMALLCONST       0019DB-0019DB                1
                         0019FE-00FFFF              100

                                  Symbol Table

?___lldiv                           cstackCOMRAM 000058
CCP_Capture_Mode_Read_value@F3113   bssCOMRAM    00002F
CCP_Compare_Mode_Set_Value@F3122    bssCOMRAM    00002D
MSSP_I2C_Init@i2c_obj               cstackBANK0  0000B8
MSSP_I2C_Master_Send_Start@i2c_obj  cstackCOMRAM 000058
MSSP_I2C_Master_Send_Stop@i2c_obj   cstackCOMRAM 000058
MSSP_I2C_Master_Write@_ack          cstackCOMRAM 00005B
MSSP_I2C_Master_Write@data          cstackCOMRAM 00005A
MSSP_I2C_Master_Write@i2c_obj       cstackCOMRAM 000058
RB4_ISR@src                         cstackCOMRAM 000049
RB5_ISR@src                         cstackCOMRAM 000049
RB6_ISR@src                         cstackCOMRAM 000049
RB7_ISR@src                         cstackCOMRAM 000049
SMBus_cfg@i2c_obj                   cstackCOMRAM 000058
_ADCON0bits                         (abs)        000FC2
_ADCON1bits                         (abs)        000FC1
_ADCON2bits                         (abs)        000FC0
_ADC_ISR                            text26       0019F8
_ADC_InterruptHandler               bssCOMRAM    000033
_ADRESH                             (abs)        000FC4
_ADRESL                             (abs)        000FC3
_BAUDCONbits                        (abs)        000FB8
_CCP1CONbits                        (abs)        000FBD
_CCP1_ISR                           text25       0019F4
_CCP1_InterruptHandler              bssCOMRAM    000031
_CCP2CONbits                        (abs)        000FBA
_CCPR1H                             (abs)        000FBF
_CCPR1L                             (abs)        000FBE
_CCPR2H                             (abs)        000FBC
_CCPR2L                             (abs)        000FBB
_EEADR                              (abs)        000FA9
_EEADRH                             (abs)        000FAA
_EECON1bits                         (abs)        000FA6
_EECON2                             (abs)        000FA7
_EEDATA                             (abs)        000FA8
_EUSART_FerrInterruptHandler        bssCOMRAM    000003
_EUSART_OerrInterruptHandler        bssCOMRAM    000001
_EUSART_RX_ISR                      text24       0019FC
_EUSART_RxInterruptHandler          bssCOMRAM    000005
_EUSART_TX_ISR                      text23       0019F0
_EUSART_TxInterruptHandler          bssCOMRAM    000007
_I2C_Default_ISR                                       
_I2C_Write_Collision_ISR                               
_INT0_ISR                           text22       0019EC
_INT0_InterruptHandler              bssCOMRAM    00002B
_INT1_ISR                           text21       0019E8
_INT1_InterruptHandler              bssCOMRAM    000029
_INT2_ISR                           text20       0019E4
_INT2_InterruptHandler              bssCOMRAM    000027
_INTCON2bits                        (abs)        000FF1
_INTCON3bits                        (abs)        000FF0
_INTCONbits                         (abs)        000FF2
_InterruptManagerHigh               intcode      000000
_LATA                               (abs)        000F89
_LATB                               (abs)        000F8A
_LATC                               (abs)        000F8B
_LATD                               (abs)        000F8C
_LATE                               (abs)        000F8D
_MSSP_I2C_Init                      text5        001512
_MSSP_I2C_Master_Send_Start         text4        0018E8
_MSSP_I2C_Master_Send_Stop          text3        0018B0
_MSSP_I2C_Master_Write              text2        0016E2
_PIE1bits                           (abs)        000F9D
_PIE2bits                           (abs)        000FA0
_PIR1bits                           (abs)        000F9E
_PIR2bits                           (abs)        000FA1
_PORTA                              (abs)        000F80
_PORTB                              (abs)        000F81
_PORTBbits                          (abs)        000F81
_PORTC                              (abs)        000F82
_PORTD                              (abs)        000F83
_PORTE                              (abs)        000F84
_PR2                                (abs)        000FCB
_RB4_Flag                           bssCOMRAM    000039
_RB4_ISR                            text19       001992
_RB4_InterruptHandler_FALLING       bssCOMRAM    000023
_RB4_InterruptHandler_RISING        bssCOMRAM    000025
_RB5_Flag                           bssCOMRAM    000038
_RB5_ISR                            text18       001978
_RB5_InterruptHandler_FALLING       bssCOMRAM    00001F
_RB5_InterruptHandler_RISING        bssCOMRAM    000021
_RB6_Flag                           bssCOMRAM    000037
_RB6_ISR                            text17       00195E
_RB6_InterruptHandler_FALLING       bssCOMRAM    00001B
_RB6_InterruptHandler_RISING        bssCOMRAM    00001D
_RB7_Flag                           bssCOMRAM    000036
_RB7_ISR                            text16       001944
_RB7_InterruptHandler_FALLING       bssCOMRAM    000017
_RB7_InterruptHandler_RISING        bssCOMRAM    000019
_RCREG                              (abs)        000FAE
_RCSTAbits                          (abs)        000FAB
_SMBus_cfg                          text10       001872
_SPBRG                              (abs)        000FAF
_SPBRGH                             (abs)        000FB0
_SSPADD                             (abs)        000FC8
_SSPBUF                             (abs)        000FC9
_SSPCON1bits                        (abs)        000FC6
_SSPCON2bits                        (abs)        000FC5
_SSPSTATbits                        (abs)        000FC7
_T0CONbits                          (abs)        000FD5
_T1CONbits                          (abs)        000FCD
_T2CONbits                          (abs)        000FCA
_T3CONbits                          (abs)        000FB1
_TIMER0_ISR                         text15       0019C4
_TIMER0_InterruptHandler            bssCOMRAM    000015
_TIMER1_ISR                         text14       0019B8
_TIMER1_InterruptHandler            bssCOMRAM    000011
_TIMER2_ISR                         text13       0019DC
_TIMER2_InterruptHandler            bssCOMRAM    00000D
_TIMER3_ISR                         text12       0019AC
_TIMER3_InterruptHandler            bssCOMRAM    00000B
_TMR0H                              (abs)        000FD7
_TMR0L                              (abs)        000FD6
_TMR1H                              (abs)        000FCF
_TMR1L                              (abs)        000FCE
_TMR2                               (abs)        000FCC
_TMR3H                              (abs)        000FB3
_TMR3L                              (abs)        000FB2
_TRISA                              (abs)        000F92
_TRISB                              (abs)        000F93
_TRISC                              (abs)        000F94
_TRISCbits                          (abs)        000F94
_TRISD                              (abs)        000F95
_TRISE                              (abs)        000F96
_TXREG                              (abs)        000FAD
_TXSTAbits                          (abs)        000FAC
__HRAM                              (abs)        000000
__H__absolute__                     __absolute__ 000000
__Habs1                             abs1         000000
__Hbank0                            bank0        000000
__Hbank1                            bank1        000000
__Hbank10                           bank10       000000
__Hbank11                           bank11       000000
__Hbank12                           bank12       000000
__Hbank13                           bank13       000000
__Hbank14                           bank14       000000
__Hbank15                           bank15       000000
__Hbank2                            bank2        000000
__Hbank3                            bank3        000000
__Hbank4                            bank4        000000
__Hbank5                            bank5        000000
__Hbank6                            bank6        000000
__Hbank7                            bank7        000000
__Hbank8                            bank8        000000
__Hbank9                            bank9        000000
__Hbigbss                           bigbss       000000
__Hbigdata                          bigdata      000000
__Hbigram                           bigram       000000
__Hbigsfr                           bigsfr       000000
__Hbss                              bss          000000
__HbssBANK0                         bssBANK0     000000
__HbssCOMRAM                        bssCOMRAM    000000
__Hcinit                            cinit        000000
__Hclrtext                          clrtext      000000
__Hcomram                           comram       000000
__Hconfig                           config       30000E
__Hconst                            const        000000
__HcstackBANK0                      cstackBANK0  000000
__HcstackCOMRAM                     cstackCOMRAM 000000
__Hdata                             data         000000
__HdataBANK0                        dataBANK0    000000
__HdataCOMRAM                       dataCOMRAM   000000
__Heeprom_data                      eeprom_data  000000
__Hfarbss                           farbss       000000
__Hfardata                          fardata      000000
__Hheap                             heap         000000
__Hibigdata                         ibigdata     000000
__Hidata                            idata        000000
__HidataBANK0                       idataBANK0   000000
__HidataCOMRAM                      idataCOMRAM  000000
__Hidloc                            idloc        000000
__Hifardata                         ifardata     000000
__Hinit                             init         00000A
__Hintcode                          intcode      000006
__Hintcode_body                     intcode_body 000000
__Hintcodelo                        intcodelo    000006
__Hintentry                         intentry     000000
__Hintret                           intret       000000
__Hintsave_regs                     intsave_regs 000000
__Hirdata                           irdata       000000
__Hmediumconst                      mediumconst  000000
__HnvFARRAM                         nvFARRAM     000000
__Hnvbit                            nvbit        000000
__Hnvrram                           nvrram       000000
__Hparam                            rparam       000000
__Hpowerup                          powerup      000006
__Hram                              ram          000000
__Hramtop                           ramtop       001000
__Hrbit                             rbit         000000
__Hrbss                             rbss         000000
__Hrdata                            rdata        000000
__Hreset_vec                        reset_vec    000000
__Hrparam                           rparam       000000
__Hsfr                              sfr          000000
__Hsmallconst                       smallconst   001016
__Hspace_0                          (abs)        0019FE
__Hspace_1                          (abs)        0000BD
__Hspace_2                          (abs)        000000
__Hspace_4                          (abs)        60000E
__Hstack                            stack        000000
__Hstruct                           struct       000000
__Htemp                             temp         000071
__Htext                             text         000000
__Htext0                            text0        000000
__Htext1                            text1        000000
__Htext10                           text10       000000
__Htext12                           text12       000000
__Htext13                           text13       000000
__Htext14                           text14       000000
__Htext15                           text15       000000
__Htext16                           text16       000000
__Htext17                           text17       000000
__Htext18                           text18       000000
__Htext19                           text19       000000
__Htext2                            text2        000000
__Htext20                           text20       000000
__Htext21                           text21       000000
__Htext22                           text22       000000
__Htext23                           text23       000000
__Htext24                           text24       000000
__Htext25                           text25       000000
__Htext26                           text26       000000
__Htext3                            text3        000000
__Htext4                            text4        000000
__Htext5                            text5        000000
__Htext6                            text6        000000
__Htext7                            text7        000000
__Htext8                            text8        000000
__Htext9                            text9        000000
__LRAM                              (abs)        000001
__L__absolute__                     __absolute__ 000000
__Labs1                             abs1         000000
__Lbank0                            bank0        000000
__Lbank1                            bank1        000000
__Lbank10                           bank10       000000
__Lbank11                           bank11       000000
__Lbank12                           bank12       000000
__Lbank13                           bank13       000000
__Lbank14                           bank14       000000
__Lbank15                           bank15       000000
__Lbank2                            bank2        000000
__Lbank3                            bank3        000000
__Lbank4                            bank4        000000
__Lbank5                            bank5        000000
__Lbank6                            bank6        000000
__Lbank7                            bank7        000000
__Lbank8                            bank8        000000
__Lbank9                            bank9        000000
__Lbigbss                           bigbss       000000
__Lbigdata                          bigdata      000000
__Lbigram                           bigram       000000
__Lbigsfr                           bigsfr       000000
__Lbss                              bss          000000
__LbssBANK0                         bssBANK0     000000
__LbssCOMRAM                        bssCOMRAM    000000
__Lcinit                            cinit        000000
__Lclrtext                          clrtext      000000
__Lcomram                           comram       000000
__Lconfig                           config       000000
__Lconst                            const        000000
__LcstackBANK0                      cstackBANK0  000000
__LcstackCOMRAM                     cstackCOMRAM 000000
__Ldata                             data         000000
__LdataBANK0                        dataBANK0    000000
__LdataCOMRAM                       dataCOMRAM   000000
__Leeprom_data                      eeprom_data  000000
__Lfarbss                           farbss       000000
__Lfardata                          fardata      000000
__Lheap                             heap         000000
__Libigdata                         ibigdata     000000
__Lidata                            idata        000000
__LidataBANK0                       idataBANK0   000000
__LidataCOMRAM                      idataCOMRAM  000000
__Lidloc                            idloc        000000
__Lifardata                         ifardata     000000
__Linit                             init         000006
__Lintcode                          intcode      000000
__Lintcode_body                     intcode_body 000000
__Lintcodelo                        intcodelo    000006
__Lintentry                         intentry     000000
__Lintret                           intret       000000
__Lintsave_regs                     intsave_regs 000000
__Lirdata                           irdata       000000
__Lmediumconst                      mediumconst  000000
__LnvFARRAM                         nvFARRAM     000000
__Lnvbit                            nvbit        000000
__Lnvrram                           nvrram       000000
__Lparam                            rparam       000000
__Lpowerup                          powerup      000006
__Lram                              ram          000000
__Lramtop                           ramtop       001000
__Lrbit                             rbit         000000
__Lrbss                             rbss         000000
__Lrdata                            rdata        000000
__Lreset_vec                        reset_vec    000000
__Lrparam                           rparam       000000
__Lsfr                              sfr          000000
__Lsmallconst                       smallconst   001000
__Lspace_0                          (abs)        000000
__Lspace_1                          (abs)        000000
__Lspace_2                          (abs)        000000
__Lspace_4                          (abs)        000000
__Lstack                            stack        000000
__Lstruct                           struct       000000
__Ltemp                             temp         000070
__Ltext                             text         000000
__Ltext0                            text0        000000
__Ltext1                            text1        000000
__Ltext10                           text10       000000
__Ltext12                           text12       000000
__Ltext13                           text13       000000
__Ltext14                           text14       000000
__Ltext15                           text15       000000
__Ltext16                           text16       000000
__Ltext17                           text17       000000
__Ltext18                           text18       000000
__Ltext19                           text19       000000
__Ltext2                            text2        000000
__Ltext20                           text20       000000
__Ltext21                           text21       000000
__Ltext22                           text22       000000
__Ltext23                           text23       000000
__Ltext24                           text24       000000
__Ltext25                           text25       000000
__Ltext26                           text26       000000
__Ltext3                            text3        000000
__Ltext4                            text4        000000
__Ltext5                            text5        000000
__Ltext6                            text6        000000
__Ltext7                            text7        000000
__Ltext8                            text8        000000
__Ltext9                            text9        000000
__S0                                (abs)        0019FE
__S1                                (abs)        0000BD
__S4                                (abs)        000000
__S5                                (abs)        000000
___heap_hi                          (abs)        000000
___heap_lo                          (abs)        000000
___inthi_sp                         stack        000000
___intlo_sp                         stack        000000
___lldiv                            text9        0015CE
___lldiv@counter                    cstackCOMRAM 000064
___lldiv@dividend                   cstackCOMRAM 000058
___lldiv@divisor                    cstackCOMRAM 00005C
___lldiv@quotient                   cstackCOMRAM 000060
___param_bank                       (abs)        000000
___rparam_used                      (abs)        000001
___sp                               stack        000000
__accesstop                         (abs)        000080
__activetblptr                      (abs)        000003
__end_of_ADC_ISR                    text26       0019FC
__end_of_CCP1_ISR                   text25       0019F8
__end_of_EUSART_RX_ISR              text24       0019FE
__end_of_EUSART_TX_ISR              text23       0019F4
__end_of_INT0_ISR                   text22       0019F0
__end_of_INT1_ISR                   text21       0019EC
__end_of_INT2_ISR                   text20       0019E8
__end_of_InterruptManagerHigh       intcode_body 00144C
__end_of_MSSP_I2C_Init              text5        0015CE
__end_of_MSSP_I2C_Master_Send_Start text4        001920
__end_of_MSSP_I2C_Master_Send_Stop  text3        0018E8
__end_of_MSSP_I2C_Master_Write      text2        001748
__end_of_RB4_ISR                    text19       0019AC
__end_of_RB5_ISR                    text18       001992
__end_of_RB6_ISR                    text17       001978
__end_of_RB7_ISR                    text16       00195E
__end_of_SMBus_cfg                  text10       0018B0
__end_of_TIMER0_ISR                 text15       0019D0
__end_of_TIMER1_ISR                 text14       0019C4
__end_of_TIMER2_ISR                 text13       0019E4
__end_of_TIMER3_ISR                 text12       0019B8
__end_of___lldiv                    text9        001672
__end_of__initialization            cinit        0017A0
__end_of_keypad_values              smallconst   001011
__end_of_main                       text0        001512
__end_of_master_clock_cfg           text8        0016E2
__end_of_send_1Byte                 text1        0017F6
__end_of_slave_general_call_cfg     text7        001872
__end_of_slew_rate_cfg              text6        001834
__initialization                    cinit        001748
__mediumconst                       mediumconst  000000
__pbssBANK0                         bssBANK0     0000A4
__pbssCOMRAM                        bssCOMRAM    000001
__pcinit                            cinit        001748
__pcstackBANK0                      cstackBANK0  0000B2
__pcstackCOMRAM                     cstackCOMRAM 000049
__pdataBANK0                        dataBANK0    000080
__pdataCOMRAM                       dataCOMRAM   000065
__pidataBANK0                       idataBANK0   001920
__pidataCOMRAM                      idataCOMRAM  0019D0
__pintcode                          intcode      000000
__pintcode_body                     intcode_body 001016
__psmallconst                       smallconst   001000
__ptext0                            text0        00144C
__ptext1                            text1        0017AA
__ptext10                           text10       001872
__ptext12                           text12       0019AC
__ptext13                           text13       0019DC
__ptext14                           text14       0019B8
__ptext15                           text15       0019C4
__ptext16                           text16       001944
__ptext17                           text17       00195E
__ptext18                           text18       001978
__ptext19                           text19       001992
__ptext2                            text2        0016E2
__ptext20                           text20       0019E4
__ptext21                           text21       0019E8
__ptext22                           text22       0019EC
__ptext23                           text23       0019F0
__ptext24                           text24       0019FC
__ptext25                           text25       0019F4
__ptext26                           text26       0019F8
__ptext3                            text3        0018B0
__ptext4                            text4        0018E8
__ptext5                            text5        001512
__ptext6                            text6        0017F6
__ptext7                            text7        001834
__ptext8                            text8        001672
__ptext9                            text9        0015CE
__ramtop                            ramtop       001000
__smallconst                        smallconst   001000
_ack                                bssCOMRAM    000048
_keypad_obj                         bssBANK0     0000A4
_keypad_values                      smallconst   001001
_lat_registers                      dataBANK0    00008A
_lcd1                               dataBANK0    00009E
_lcd2                               dataBANK0    000094
_led1                               dataCOMRAM   00006F
_main                               text0        00144C
_master_clock_cfg                   text8        001672
_obj                                bssCOMRAM    000041
_port_registers                     dataBANK0    000080
_preloaded_value                    bssCOMRAM    000013
_preloaded_value@hal_timer1$F3278   bssCOMRAM    00000F
_preloaded_value@hal_timer2$F3467   bssCOMRAM    000035
_preloaded_value@hal_timer3$F3620   bssCOMRAM    000009
_send_1Byte                         text1        0017AA
_slave_general_call_cfg             text7        001834
_slew_rate_cfg                      text6        0017F6
_tris_registers                     dataCOMRAM   000065
btemp                               temp         000070
end_of_initialization               cinit        0017A0
int$flags                           temp         000070
int_func                            intcode_body 001016
intlevel0                           text         000000
intlevel1                           text         000000
intlevel2                           text         000000
intlevel3                           text         000000
isa$std                             (abs)        000001
isa$xinst                           (abs)        000000
led_init@F3048                      bssCOMRAM    000040
led_turn_off@F3058                  bssCOMRAM    00003E
led_turn_on@F3053                   bssCOMRAM    00003F
led_turn_toggle@F3063               bssCOMRAM    00003D
master_clock_cfg@i2c_obj            cstackBANK0  0000B2
relay_initialize@F3042              bssCOMRAM    00003C
relay_turn_off@F3052                bssCOMRAM    00003A
relay_turn_on@F3047                 bssCOMRAM    00003B
send_1Byte@address                  cstackCOMRAM 00005E
send_1Byte@data                     cstackCOMRAM 00005D
slave_general_call_cfg@i2c_obj      cstackCOMRAM 000058
slew_rate_cfg@i2c_obj               cstackCOMRAM 000058
stackhi                             (abs)        000000
stacklo                             (abs)        000000
start                               init         000006
start_initialization                cinit        001748
ttemp5                              temp         000071
ttemp6                              temp         000074
ttemp7                              temp         000078
wtemp8                              temp         000071
