Microchip MPLAB XC8 Compiler V2.41

Linker command line:

-W-3 \
  --edf=C:/Program Files/Microchip/MPLABX/v6.15/packs/Microchip/PIC18Fxxxx_DFP/1.4.151/xc8\pic\dat\20230323171731_en.msgs \
  -cn -h+dist/default/production\EmbeddedDiplomaProject.X.production.sym \
  --cmf=dist/default/production\EmbeddedDiplomaProject.X.production.cmf -z \
  -Q18F4620 -oC:\Users\fathy\AppData\Local\Temp\xcBs5lg.1\driver_tmp_3.o \
  --defsym=__MPLAB_BUILD=1 --fixupoverflow=error \
  -Mdist/default/production/EmbeddedDiplomaProject.X.production.map \
  --md=C:\Users\fathy\AppData\Local\Temp\xcBs5lg.1\driver_tmp_0.dat -E1 \
  -ver=XC8 Compiler --acfsm=1493 -ACODE=00h-0FFFFh -ACONST=00h-0FFFFh \
  -ASMALLCONST=01000h-010FFhx240 -AMEDIUMCONST=01000h-0FFFFh \
  -ACOMRAM=01h-07Fh -AABS1=00h-0F7Fh -ABIGRAM=01h-0F7Fh \
  -ARAM=080h-0FFh,0100h-01FFhx14,0F00h-0F7Fh -ABANK0=080h-0FFh \
  -ABANK1=0100h-01FFh -ABANK2=0200h-02FFh -ABANK3=0300h-03FFh \
  -ABANK4=0400h-04FFh -ABANK5=0500h-05FFh -ABANK6=0600h-06FFh \
  -ABANK7=0700h-07FFh -ABANK8=0800h-08FFh -ABANK9=0900h-09FFh \
  -ABANK10=0A00h-0AFFh -ABANK11=0B00h-0BFFh -ABANK12=0C00h-0CFFh \
  -ABANK13=0D00h-0DFFh -ABANK14=0E00h-0EFFh -ABANK15=0F00h-0F7Fh \
  -ASFR=0F80h-0FFFh -ABIGSFR=0F80h-0FFFh -ACONFIG=0300000h-030000Dh \
  -AIDLOC=0200000h-0200007h -AEEDATA=0F00000h-0F003FFh -peeprom_data=EEDATA \
  -preset_vec=00h,intcode=08h,intcodelo,powerup,init -pramtop=01000h \
  -psmallconst=SMALLCONST -pmediumconst=MEDIUMCONST -pconst=CONST \
  -AFARRAM=00h-00h \
  -prdata=COMRAM,nvrram=COMRAM,nvbit=COMRAM,rbss=COMRAM,rbit=COMRAM \
  -pfarbss=FARRAM,fardata=FARRAM,nvFARRAM=FARRAM \
  -pintsave_regs=BIGRAM,bigbss=BIGRAM,bigdata=BIGRAM -pbss=RAM \
  -pidata=CODE,irdata=CODE,ibigdata=CODE,ifardata=CODE -prparam=COMRAM \
  C:\Users\fathy\AppData\Local\Temp\xcBs5lg.1\driver_tmp_9.o \
  dist/default/production\EmbeddedDiplomaProject.X.production.o 

Object code version is 3.11

Machine type is 18F4620



                Name                               Link     Load   Length Selector   Space Scale
C:\Users\fathy\AppData\Local\Temp\xcBs5lg.1\driver_tmp_9.o
                config                           300000   300000        E        0       4
                init                                  E        E        4        4       0
                reset_vec                             0        0        4        0       0
dist/default/production\EmbeddedDiplomaProject.X.production.o
                intcode                               8        8        6        4       0
                config                           300000   300000        E        0       4
                temp                                 7C       7C        1        1       1
                smallconst                         1000     1000       16      800       0
                text32                             1D62     1D62        4      80B       0
                text31                             1D5E     1D5E        4      80B       0
                text30                             1D66     1D66        2      80B       0
                text29                             1D5A     1D5A        4      80B       0
                text28                             1C22     1C22       36      80B       0
                text27                             1C58     1C58       2E      80B       0
                text26                             1D56     1D56        4      80B       0
                text25                             1D52     1D52        4      80B       0
                text24                             1D4E     1D4E        4      80B       0
                text23                             1D4A     1D4A        4      80B       0
                text22                             1CF8     1CF8       1A      80B       0
                text21                             1CDE     1CDE       1A      80B       0
                text20                             1CC4     1CC4       1A      80B       0
                text19                             1CAA     1CAA       1A      80B       0
                text18                             1D36     1D36        C      80B       0
                text17                             1D2A     1D2A        C      80B       0
                text16                             1D42     1D42        8      80B       0
                text15                             1D1E     1D1E        C      80B       0
                intcode_body                       1016     1016      3D6      80B       0
                text13                             1BEC     1BEC       36      80B       0
                text12                             1BAE     1BAE       3E      80B       0
                text11                             175C     175C       A4      80B       0
                text10                             19FC     19FC       6E      80B       0
                text9                              1B70     1B70       3E      80B       0
                text8                              1B32     1B32       3E      80B       0
                text7                              1698     1698       C4      80B       0
                text6                              13EC     13EC      162      80B       0
                text5                              154E     154E      14A      80B       0
                text4                              188A     188A       8A      80B       0
                text3                              198A     198A       72      80B       0
                text2                              1914     1914       76      80B       0
                text1                              1A6A     1A6A       66      80B       0
                text0                              1800     1800       8A      80B       0
                cstackCOMRAM                         57       57       19        1       1
                dataBANK0                            80       80       24       80       1
                bssBANK0                             A4       A4        E       80       1
                dataCOMRAM                           70       70        C        1       1
                bssCOMRAM                             1        1       56        1       1
                cinit                              1AD0     1AD0       62      80B       0
                idataBANK0                         1C86     1C86       24      80B       0
                idataCOMRAM                        1D12     1D12        C      80B       0

TOTAL           Name                               Link     Load   Length     Space
        CLASS   CODE           
                intcode                               8        8        6         0
                init                                  E        E        4         0
                reset_vec                             0        0        4         0
                text32                             1D62     1D62        4         0
                text31                             1D5E     1D5E        4         0
                text30                             1D66     1D66        2         0
                text29                             1D5A     1D5A        4         0
                text28                             1C22     1C22       36         0
                text27                             1C58     1C58       2E         0
                text26                             1D56     1D56        4         0
                text25                             1D52     1D52        4         0
                text24                             1D4E     1D4E        4         0
                text23                             1D4A     1D4A        4         0
                text22                             1CF8     1CF8       1A         0
                text21                             1CDE     1CDE       1A         0
                text20                             1CC4     1CC4       1A         0
                text19                             1CAA     1CAA       1A         0
                text18                             1D36     1D36        C         0
                text17                             1D2A     1D2A        C         0
                text16                             1D42     1D42        8         0
                text15                             1D1E     1D1E        C         0
                intcode_body                       1016     1016      3D6         0
                text13                             1BEC     1BEC       36         0
                text12                             1BAE     1BAE       3E         0
                text11                             175C     175C       A4         0
                text10                             19FC     19FC       6E         0
                text9                              1B70     1B70       3E         0
                text8                              1B32     1B32       3E         0
                text7                              1698     1698       C4         0
                text6                              13EC     13EC      162         0
                text5                              154E     154E      14A         0
                text4                              188A     188A       8A         0
                text3                              198A     198A       72         0
                text2                              1914     1914       76         0
                text1                              1A6A     1A6A       66         0
                text0                              1800     1800       8A         0
                cinit                              1AD0     1AD0       62         0
                idataBANK0                         1C86     1C86       24         0
                idataCOMRAM                        1D12     1D12        C         0

        CLASS   CONST          

        CLASS   SMALLCONST     
                smallconst                         1000     1000       16         0

        CLASS   MEDIUMCONST    

        CLASS   COMRAM         
                temp                                 7C       7C        1         1
                cstackCOMRAM                         57       57       19         1
                dataCOMRAM                           70       70        C         1
                bssCOMRAM                             1        1       56         1

        CLASS   ABS1           

        CLASS   BIGRAM         

        CLASS   RAM            

        CLASS   BANK0          
                dataBANK0                            80       80       24         1
                bssBANK0                             A4       A4        E         1

        CLASS   BANK1          

        CLASS   BANK2          

        CLASS   BANK3          

        CLASS   BANK4          

        CLASS   BANK5          

        CLASS   BANK6          

        CLASS   BANK7          

        CLASS   BANK8          

        CLASS   BANK9          

        CLASS   BANK10         

        CLASS   BANK11         

        CLASS   BANK12         

        CLASS   BANK13         

        CLASS   BANK14         

        CLASS   BANK15         

        CLASS   SFR            

        CLASS   BIGSFR         

        CLASS   CONFIG         
                config                           300000   300000        E         4

        CLASS   IDLOC          

        CLASS   EEDATA         

        CLASS   FARRAM         

        CLASS   HEAP           

        CLASS   STACK          



SEGMENTS        Name                           Load    Length   Top    Selector   Space  Class

                reset_vec                      000000  000004  000004         0       0  CODE    
                bssCOMRAM                      000001  00007C  00007D         1       1  COMRAM  
                intcode                        000008  00000A  000012         4       0  CODE    
                dataBANK0                      000080  000032  0000B2        80       1  BANK0   
                smallconst                     001000  000016  001016       800       0  SMALLCON
                intcode_body                   001016  000D52  001D68       80B       0  CODE    


UNUSED ADDRESS RANGES

        Name                Unused          Largest block    Delta
        BANK0            0000B2-0000FF               4E
        BANK1            000100-0001FF              100
        BANK10           000A00-000AFF              100
        BANK11           000B00-000BFF              100
        BANK12           000C00-000CFF              100
        BANK13           000D00-000DFF              100
        BANK14           000E00-000EFF              100
        BANK15           000F00-000F7F               80
        BANK2            000200-0002FF              100
        BANK3            000300-0003FF              100
        BANK4            000400-0004FF              100
        BANK5            000500-0005FF              100
        BANK6            000600-0006FF              100
        BANK7            000700-0007FF              100
        BANK8            000800-0008FF              100
        BANK9            000900-0009FF              100
        BIGRAM           00007D-00007F                3
                         0000B2-000F7F              ECE
        BIGSFR           000F80-000FFF               80
        CODE             000004-000007                4
                         000012-000FFF              FEE
                         001D68-00FFFF             E298
        COMRAM           00007D-00007F                3
        CONST            000004-000007                4
                         000012-000FFF              FEE
                         001D68-00FFFF             E298
        EEDATA           F00000-F003FF              400
        IDLOC            200000-200007                8
        MEDIUMCONST      001D68-00FFFF             E298
        RAM              0000B2-000F7F              100
        SFR              000F80-000FFF               80
        SMALLCONST       001D68-00FFFF              100

                                  Symbol Table

?___lldiv                                      cstackCOMRAM 00005A
CCP_Capture_Mode_Read_value@F3113              bssCOMRAM    000033
CCP_Compare_Mode_Set_Value@F3122               bssCOMRAM    000031
I2C_Interrupt_cfg@i2c_obj                      cstackCOMRAM 00005A
MSSP_I2C_Init@i2c_obj                          cstackCOMRAM 00006D
RB4_ISR@src                                    cstackCOMRAM 000057
RB5_ISR@src                                    cstackCOMRAM 000057
RB6_ISR@src                                    cstackCOMRAM 000057
RB7_ISR@src                                    cstackCOMRAM 000057
SMBus_cfg@i2c_obj                              cstackCOMRAM 00005A
_ADCON0bits                                    (abs)        000FC2
_ADCON1bits                                    (abs)        000FC1
_ADCON2bits                                    (abs)        000FC0
_ADC_ISR                                       text32       001D62
_ADC_InterruptHandler                          bssCOMRAM    000037
_ADRESH                                        (abs)        000FC4
_ADRESL                                        (abs)        000FC3
_APP_receive_ISR                               text28       001C22
_BAUDCONbits                                   (abs)        000FB8
_CCP1CONbits                                   (abs)        000FBD
_CCP1_ISR                                      text31       001D5E
_CCP1_InterruptHandler                         bssCOMRAM    000035
_CCP2CONbits                                   (abs)        000FBA
_CCPR1H                                        (abs)        000FBF
_CCPR1L                                        (abs)        000FBE
_CCPR2H                                        (abs)        000FBC
_CCPR2L                                        (abs)        000FBB
_EEADR                                         (abs)        000FA9
_EEADRH                                        (abs)        000FAA
_EECON1bits                                    (abs)        000FA6
_EECON2                                        (abs)        000FA7
_EEDATA                                        (abs)        000FA8
_EUSART_FerrInterruptHandler                   bssCOMRAM    000003
_EUSART_OerrInterruptHandler                   bssCOMRAM    000001
_EUSART_RX_ISR                                 text30       001D66
_EUSART_RxInterruptHandler                     bssCOMRAM    000005
_EUSART_TX_ISR                                 text29       001D5A
_EUSART_TxInterruptHandler                     bssCOMRAM    000007
_I2C_Default_ISR                               text27       001C58
_I2C_Default_Interrupt_Handler                 bssCOMRAM    00002D
_I2C_Interrupt_cfg                             text13       001BEC
_I2C_Write_Collision_Default_Interrupt_Handler bssCOMRAM    00002F
_I2C_Write_Collision_ISR                       text26       001D56
_INT0_ISR                                      text25       001D52
_INT0_InterruptHandler                         bssCOMRAM    00002B
_INT1_ISR                                      text24       001D4E
_INT1_InterruptHandler                         bssCOMRAM    000029
_INT2_ISR                                      text23       001D4A
_INT2_InterruptHandler                         bssCOMRAM    000027
_INTCON2bits                                   (abs)        000FF1
_INTCON3bits                                   (abs)        000FF0
_INTCONbits                                    (abs)        000FF2
_InterruptManagerHigh                          intcode      000008
_LATA                                          (abs)        000F89
_LATB                                          (abs)        000F8A
_LATC                                          (abs)        000F8B
_LATD                                          (abs)        000F8C
_LATE                                          (abs)        000F8D
_MSSP_I2C_Init                                 text7        001698
_PIE1bits                                      (abs)        000F9D
_PIE2bits                                      (abs)        000FA0
_PIR1bits                                      (abs)        000F9E
_PIR2bits                                      (abs)        000FA1
_PORTA                                         (abs)        000F80
_PORTB                                         (abs)        000F81
_PORTBbits                                     (abs)        000F81
_PORTC                                         (abs)        000F82
_PORTD                                         (abs)        000F83
_PORTE                                         (abs)        000F84
_PR2                                           (abs)        000FCB
_RB4_Flag                                      bssCOMRAM    00003F
_RB4_ISR                                       text22       001CF8
_RB4_InterruptHandler_FALLING                  bssCOMRAM    000023
_RB4_InterruptHandler_RISING                   bssCOMRAM    000025
_RB5_Flag                                      bssCOMRAM    00003E
_RB5_ISR                                       text21       001CDE
_RB5_InterruptHandler_FALLING                  bssCOMRAM    00001F
_RB5_InterruptHandler_RISING                   bssCOMRAM    000021
_RB6_Flag                                      bssCOMRAM    00003D
_RB6_ISR                                       text20       001CC4
_RB6_InterruptHandler_FALLING                  bssCOMRAM    00001B
_RB6_InterruptHandler_RISING                   bssCOMRAM    00001D
_RB7_Flag                                      bssCOMRAM    00003C
_RB7_ISR                                       text19       001CAA
_RB7_InterruptHandler_FALLING                  bssCOMRAM    000017
_RB7_InterruptHandler_RISING                   bssCOMRAM    000019
_RCREG                                         (abs)        000FAE
_RCSTAbits                                     (abs)        000FAB
_SMBus_cfg                                     text12       001BAE
_SPBRG                                         (abs)        000FAF
_SPBRGH                                        (abs)        000FB0
_SSPADD                                        (abs)        000FC8
_SSPBUF                                        (abs)        000FC9
_SSPCON1bits                                   (abs)        000FC6
_SSPCON2bits                                   (abs)        000FC5
_SSPSTATbits                                   (abs)        000FC7
_T0CONbits                                     (abs)        000FD5
_T1CONbits                                     (abs)        000FCD
_T2CONbits                                     (abs)        000FCA
_T3CONbits                                     (abs)        000FB1
_TIMER0_ISR                                    text18       001D36
_TIMER0_InterruptHandler                       bssCOMRAM    000015
_TIMER1_ISR                                    text17       001D2A
_TIMER1_InterruptHandler                       bssCOMRAM    000011
_TIMER2_ISR                                    text16       001D42
_TIMER2_InterruptHandler                       bssCOMRAM    00000D
_TIMER3_ISR                                    text15       001D1E
_TIMER3_InterruptHandler                       bssCOMRAM    00000B
_TMR0H                                         (abs)        000FD7
_TMR0L                                         (abs)        000FD6
_TMR1H                                         (abs)        000FCF
_TMR1L                                         (abs)        000FCE
_TMR2                                          (abs)        000FCC
_TMR3H                                         (abs)        000FB3
_TMR3L                                         (abs)        000FB2
_TRISA                                         (abs)        000F92
_TRISB                                         (abs)        000F93
_TRISC                                         (abs)        000F94
_TRISCbits                                     (abs)        000F94
_TRISD                                         (abs)        000F95
_TRISE                                         (abs)        000F96
_TXREG                                         (abs)        000FAD
_TXSTAbits                                     (abs)        000FAC
__HRAM                                         (abs)        000000
__H__absolute__                                __absolute__ 000000
__Habs1                                        abs1         000000
__Hbank0                                       bank0        000000
__Hbank1                                       bank1        000000
__Hbank10                                      bank10       000000
__Hbank11                                      bank11       000000
__Hbank12                                      bank12       000000
__Hbank13                                      bank13       000000
__Hbank14                                      bank14       000000
__Hbank15                                      bank15       000000
__Hbank2                                       bank2        000000
__Hbank3                                       bank3        000000
__Hbank4                                       bank4        000000
__Hbank5                                       bank5        000000
__Hbank6                                       bank6        000000
__Hbank7                                       bank7        000000
__Hbank8                                       bank8        000000
__Hbank9                                       bank9        000000
__Hbigbss                                      bigbss       000000
__Hbigdata                                     bigdata      000000
__Hbigram                                      bigram       000000
__Hbigsfr                                      bigsfr       000000
__Hbss                                         bss          000000
__HbssBANK0                                    bssBANK0     000000
__HbssCOMRAM                                   bssCOMRAM    000000
__Hcinit                                       cinit        000000
__Hclrtext                                     clrtext      000000
__Hcomram                                      comram       000000
__Hconfig                                      config       30000E
__Hconst                                       const        000000
__HcstackCOMRAM                                cstackCOMRAM 000000
__Hdata                                        data         000000
__HdataBANK0                                   dataBANK0    000000
__HdataCOMRAM                                  dataCOMRAM   000000
__Heeprom_data                                 eeprom_data  000000
__Hfarbss                                      farbss       000000
__Hfardata                                     fardata      000000
__Hheap                                        heap         000000
__Hibigdata                                    ibigdata     000000
__Hidata                                       idata        000000
__HidataBANK0                                  idataBANK0   000000
__HidataCOMRAM                                 idataCOMRAM  000000
__Hidloc                                       idloc        000000
__Hifardata                                    ifardata     000000
__Hinit                                        init         000012
__Hintcode                                     intcode      00000E
__Hintcode_body                                intcode_body 000000
__Hintcodelo                                   intcodelo    00000E
__Hintentry                                    intentry     000000
__Hintret                                      intret       000000
__Hintsave_regs                                intsave_regs 000000
__Hirdata                                      irdata       000000
__Hmediumconst                                 mediumconst  000000
__HnvFARRAM                                    nvFARRAM     000000
__Hnvbit                                       nvbit        000000
__Hnvrram                                      nvrram       000000
__Hparam                                       rparam       000000
__Hpowerup                                     powerup      00000E
__Hram                                         ram          000000
__Hramtop                                      ramtop       001000
__Hrbit                                        rbit         000000
__Hrbss                                        rbss         000000
__Hrdata                                       rdata        000000
__Hreset_vec                                   reset_vec    000004
__Hrparam                                      rparam       000000
__Hsfr                                         sfr          000000
__Hsmallconst                                  smallconst   001016
__Hspace_0                                     (abs)        001D68
__Hspace_1                                     (abs)        0000B2
__Hspace_2                                     (abs)        000000
__Hspace_4                                     (abs)        60000E
__Hstack                                       stack        000000
__Hstruct                                      struct       000000
__Htemp                                        temp         00007D
__Htext                                        text         000000
__Htext0                                       text0        000000
__Htext1                                       text1        000000
__Htext10                                      text10       000000
__Htext11                                      text11       000000
__Htext12                                      text12       000000
__Htext13                                      text13       000000
__Htext15                                      text15       000000
__Htext16                                      text16       000000
__Htext17                                      text17       000000
__Htext18                                      text18       000000
__Htext19                                      text19       000000
__Htext2                                       text2        000000
__Htext20                                      text20       000000
__Htext21                                      text21       000000
__Htext22                                      text22       000000
__Htext23                                      text23       000000
__Htext24                                      text24       000000
__Htext25                                      text25       000000
__Htext26                                      text26       000000
__Htext27                                      text27       000000
__Htext28                                      text28       000000
__Htext29                                      text29       000000
__Htext3                                       text3        000000
__Htext30                                      text30       000000
__Htext31                                      text31       000000
__Htext32                                      text32       000000
__Htext33                                      text33       000000
__Htext4                                       text4        000000
__Htext5                                       text5        000000
__Htext6                                       text6        000000
__Htext7                                       text7        000000
__Htext8                                       text8        000000
__Htext9                                       text9        000000
__LRAM                                         (abs)        000001
__L__absolute__                                __absolute__ 000000
__Labs1                                        abs1         000000
__Lbank0                                       bank0        000000
__Lbank1                                       bank1        000000
__Lbank10                                      bank10       000000
__Lbank11                                      bank11       000000
__Lbank12                                      bank12       000000
__Lbank13                                      bank13       000000
__Lbank14                                      bank14       000000
__Lbank15                                      bank15       000000
__Lbank2                                       bank2        000000
__Lbank3                                       bank3        000000
__Lbank4                                       bank4        000000
__Lbank5                                       bank5        000000
__Lbank6                                       bank6        000000
__Lbank7                                       bank7        000000
__Lbank8                                       bank8        000000
__Lbank9                                       bank9        000000
__Lbigbss                                      bigbss       000000
__Lbigdata                                     bigdata      000000
__Lbigram                                      bigram       000000
__Lbigsfr                                      bigsfr       000000
__Lbss                                         bss          000000
__LbssBANK0                                    bssBANK0     000000
__LbssCOMRAM                                   bssCOMRAM    000000
__Lcinit                                       cinit        000000
__Lclrtext                                     clrtext      000000
__Lcomram                                      comram       000000
__Lconfig                                      config       000000
__Lconst                                       const        000000
__LcstackCOMRAM                                cstackCOMRAM 000000
__Ldata                                        data         000000
__LdataBANK0                                   dataBANK0    000000
__LdataCOMRAM                                  dataCOMRAM   000000
__Leeprom_data                                 eeprom_data  000000
__Lfarbss                                      farbss       000000
__Lfardata                                     fardata      000000
__Lheap                                        heap         000000
__Libigdata                                    ibigdata     000000
__Lidata                                       idata        000000
__LidataBANK0                                  idataBANK0   000000
__LidataCOMRAM                                 idataCOMRAM  000000
__Lidloc                                       idloc        000000
__Lifardata                                    ifardata     000000
__Linit                                        init         00000E
__Lintcode                                     intcode      000008
__Lintcode_body                                intcode_body 000000
__Lintcodelo                                   intcodelo    00000E
__Lintentry                                    intentry     000000
__Lintret                                      intret       000000
__Lintsave_regs                                intsave_regs 000000
__Lirdata                                      irdata       000000
__Lmediumconst                                 mediumconst  000000
__LnvFARRAM                                    nvFARRAM     000000
__Lnvbit                                       nvbit        000000
__Lnvrram                                      nvrram       000000
__Lparam                                       rparam       000000
__Lpowerup                                     powerup      00000E
__Lram                                         ram          000000
__Lramtop                                      ramtop       001000
__Lrbit                                        rbit         000000
__Lrbss                                        rbss         000000
__Lrdata                                       rdata        000000
__Lreset_vec                                   reset_vec    000000
__Lrparam                                      rparam       000000
__Lsfr                                         sfr          000000
__Lsmallconst                                  smallconst   001000
__Lspace_0                                     (abs)        000000
__Lspace_1                                     (abs)        000000
__Lspace_2                                     (abs)        000000
__Lspace_4                                     (abs)        000000
__Lstack                                       stack        000000
__Lstruct                                      struct       000000
__Ltemp                                        temp         00007C
__Ltext                                        text         000000
__Ltext0                                       text0        000000
__Ltext1                                       text1        000000
__Ltext10                                      text10       000000
__Ltext11                                      text11       000000
__Ltext12                                      text12       000000
__Ltext13                                      text13       000000
__Ltext15                                      text15       000000
__Ltext16                                      text16       000000
__Ltext17                                      text17       000000
__Ltext18                                      text18       000000
__Ltext19                                      text19       000000
__Ltext2                                       text2        000000
__Ltext20                                      text20       000000
__Ltext21                                      text21       000000
__Ltext22                                      text22       000000
__Ltext23                                      text23       000000
__Ltext24                                      text24       000000
__Ltext25                                      text25       000000
__Ltext26                                      text26       000000
__Ltext27                                      text27       000000
__Ltext28                                      text28       000000
__Ltext29                                      text29       000000
__Ltext3                                       text3        000000
__Ltext30                                      text30       000000
__Ltext31                                      text31       000000
__Ltext32                                      text32       000000
__Ltext33                                      text33       000000
__Ltext4                                       text4        000000
__Ltext5                                       text5        000000
__Ltext6                                       text6        000000
__Ltext7                                       text7        000000
__Ltext8                                       text8        000000
__Ltext9                                       text9        000000
__S0                                           (abs)        001D68
__S1                                           (abs)        0000B2
__S4                                           (abs)        000000
__S5                                           (abs)        000000
___heap_hi                                     (abs)        000000
___heap_lo                                     (abs)        000000
___inthi_sp                                    stack        000000
___intlo_sp                                    stack        000000
___lldiv                                       text11       00175C
___lldiv@counter                               cstackCOMRAM 000066
___lldiv@dividend                              cstackCOMRAM 00005A
___lldiv@divisor                               cstackCOMRAM 00005E
___lldiv@quotient                              cstackCOMRAM 000062
___param_bank                                  (abs)        000000
___rparam_used                                 (abs)        000001
___sp                                          stack        000000
__accesstop                                    (abs)        000080
__activetblptr                                 (abs)        000003
__end_of_ADC_ISR                               text32       001D66
__end_of_APP_receive_ISR                       text28       001C58
__end_of_CCP1_ISR                              text31       001D62
__end_of_EUSART_RX_ISR                         text30       001D68
__end_of_EUSART_TX_ISR                         text29       001D5E
__end_of_I2C_Default_ISR                       text27       001C86
__end_of_I2C_Interrupt_cfg                     text13       001C22
__end_of_I2C_Write_Collision_ISR               text26       001D5A
__end_of_INT0_ISR                              text25       001D56
__end_of_INT1_ISR                              text24       001D52
__end_of_INT2_ISR                              text23       001D4E
__end_of_InterruptManagerHigh                  intcode_body 0013EC
__end_of_MSSP_I2C_Init                         text7        00175C
__end_of_RB4_ISR                               text22       001D12
__end_of_RB5_ISR                               text21       001CF8
__end_of_RB6_ISR                               text20       001CDE
__end_of_RB7_ISR                               text19       001CC4
__end_of_SMBus_cfg                             text12       001BEC
__end_of_TIMER0_ISR                            text18       001D42
__end_of_TIMER1_ISR                            text17       001D36
__end_of_TIMER2_ISR                            text16       001D4A
__end_of_TIMER3_ISR                            text15       001D2A
__end_of___lldiv                               text11       001800
__end_of__initialization                       cinit        001B28
__end_of_gpio_pin_direction_initialize         text6        00154E
__end_of_gpio_pin_initialize                   text4        001914
__end_of_gpio_pin_write_logic                  text5        001698
__end_of_keypad_values                         smallconst   001011
__end_of_led_init                              text3        0019FC
__end_of_led_turn_off                          text2        00198A
__end_of_led_turn_on                           text1        001AD0
__end_of_main                                  text0        00188A
__end_of_master_clock_cfg                      text10       001A6A
__end_of_slave_general_call_cfg                text9        001BAE
__end_of_slew_rate_cfg                         text8        001B70
__initialization                               cinit        001AD0
__mediumconst                                  mediumconst  000000
__pbssBANK0                                    bssBANK0     0000A4
__pbssCOMRAM                                   bssCOMRAM    000001
__pcinit                                       cinit        001AD0
__pcstackCOMRAM                                cstackCOMRAM 000057
__pdataBANK0                                   dataBANK0    000080
__pdataCOMRAM                                  dataCOMRAM   000070
__pidataBANK0                                  idataBANK0   001C86
__pidataCOMRAM                                 idataCOMRAM  001D12
__pintcode                                     intcode      000008
__pintcode_body                                intcode_body 001016
__psmallconst                                  smallconst   001000
__ptext0                                       text0        001800
__ptext1                                       text1        001A6A
__ptext10                                      text10       0019FC
__ptext11                                      text11       00175C
__ptext12                                      text12       001BAE
__ptext13                                      text13       001BEC
__ptext15                                      text15       001D1E
__ptext16                                      text16       001D42
__ptext17                                      text17       001D2A
__ptext18                                      text18       001D36
__ptext19                                      text19       001CAA
__ptext2                                       text2        001914
__ptext20                                      text20       001CC4
__ptext21                                      text21       001CDE
__ptext22                                      text22       001CF8
__ptext23                                      text23       001D4A
__ptext24                                      text24       001D4E
__ptext25                                      text25       001D52
__ptext26                                      text26       001D56
__ptext27                                      text27       001C58
__ptext28                                      text28       001C22
__ptext29                                      text29       001D5A
__ptext3                                       text3        00198A
__ptext30                                      text30       001D66
__ptext31                                      text31       001D5E
__ptext32                                      text32       001D62
__ptext33                                      text33       000000
__ptext4                                       text4        00188A
__ptext5                                       text5        00154E
__ptext6                                       text6        0013EC
__ptext7                                       text7        001698
__ptext8                                       text8        001B32
__ptext9                                       text9        001B70
__ramtop                                       ramtop       001000
__smallconst                                   smallconst   001000
_ack                                           bssCOMRAM    000056
_counter                                       bssCOMRAM    00003A
_gpio_pin_direction_initialize                 text6        0013EC
_gpio_pin_initialize                           text4        00188A
_gpio_pin_write_logic                          text5        00154E
_keypad_obj                                    bssBANK0     0000A4
_keypad_values                                 smallconst   001001
_lat_registers                                 dataBANK0    00008A
_lcd1                                          dataBANK0    00009E
_lcd2                                          dataBANK0    000094
_led1                                          dataCOMRAM   00007A
_led2                                          dataCOMRAM   00007B
_led_init                                      text3        00198A
_led_turn_off                                  text2        001914
_led_turn_on                                   text1        001A6A
_main                                          text0        001800
_master_clock_cfg                              text10       0019FC
_obj                                           bssCOMRAM    000047
_port_registers                                dataBANK0    000080
_preloaded_value                               bssCOMRAM    000013
_preloaded_value@hal_timer1$F3416              bssCOMRAM    00000F
_preloaded_value@hal_timer2$F3605              bssCOMRAM    00003B
_preloaded_value@hal_timer3$F3758              bssCOMRAM    000009
_slave2_data                                   bssCOMRAM    000039
_slave_general_call_cfg                        text9        001B70
_slew_rate_cfg                                 text8        001B32
_tris_registers                                dataCOMRAM   000070
btemp                                          temp         00007C
end_of_initialization                          cinit        001B28
gpio_pin_direction_initialize@_pin_config      cstackCOMRAM 00005A
gpio_pin_direction_initialize@ret              cstackCOMRAM 000062
gpio_pin_initialize@_pin_config                cstackCOMRAM 000064
gpio_pin_initialize@ret                        cstackCOMRAM 000067
gpio_pin_write_logic@_pin_config               cstackCOMRAM 00005A
gpio_pin_write_logic@logic                     cstackCOMRAM 00005C
gpio_pin_write_logic@ret                       cstackCOMRAM 000063
int$flags                                      temp         00007C
int_func                                       intcode_body 001016
intlevel0                                      text         000000
intlevel1                                      text         000000
intlevel2                                      text         000000
intlevel3                                      text         000000
isa$std                                        (abs)        000001
isa$xinst                                      (abs)        000000
led_init@F3048                                 bssCOMRAM    000046
led_init@led                                   cstackCOMRAM 000068
led_init@pin_obj                               cstackCOMRAM 00006B
led_turn_off@F3058                             bssCOMRAM    000044
led_turn_off@led                               cstackCOMRAM 000064
led_turn_off@pin_obj                           cstackCOMRAM 000067
led_turn_on@F3053                              bssCOMRAM    000045
led_turn_on@led                                cstackCOMRAM 000064
led_turn_on@pin_obj                            cstackCOMRAM 000067
led_turn_toggle@F3063                          bssCOMRAM    000043
master_clock_cfg@i2c_obj                       cstackCOMRAM 000067
relay_initialize@F3042                         bssCOMRAM    000042
relay_turn_off@F3052                           bssCOMRAM    000040
relay_turn_on@F3047                            bssCOMRAM    000041
slave_general_call_cfg@i2c_obj                 cstackCOMRAM 00005A
slew_rate_cfg@i2c_obj                          cstackCOMRAM 00005A
stackhi                                        (abs)        000000
stacklo                                        (abs)        000000
start                                          init         00000E
start_initialization                           cinit        001AD0
ttemp5                                         temp         00007D
ttemp6                                         temp         000080
ttemp7                                         temp         000084
wtemp8                                         temp         00007D


MODULE INFORMATION

Module		Function		Class		Link	Load	Size
MCAL_Layer/Timer/hal_timer0.c
		_TIMER0_ISR    		CODE           	1D36	0000	12

MCAL_Layer/Timer/hal_timer0.c estimated size: 12

C:\Program Files\Microchip\xc8\v2.41\pic\sources\c99\common\__lldiv.c
		___lldiv       		CODE           	175C	0000	164

C:\Program Files\Microchip\xc8\v2.41\pic\sources\c99\common\__lldiv.c estimated size: 164

MCAL_Layer/ADC/haLadc.c
		_ADC_ISR       		CODE           	1D62	0000	4

MCAL_Layer/ADC/haLadc.c estimated size: 4

MCAL_Layer/ecu_led.c
		_led_init      		CODE           	198A	0000	114
		_led_turn_on   		CODE           	1A6A	0000	102
		_led_turn_off  		CODE           	1914	0000	118

MCAL_Layer/ecu_led.c estimated size: 334

MCAL_Layer/I2C/hal_MSSP_I2C.c
		_I2C_Default_ISR		CODE           	1C58	0000	46
		_SMBus_cfg     		CODE           	1BAE	0000	62
		_MSSP_I2C_Init 		CODE           	1698	0000	196
		_master_clock_cfg		CODE           	19FC	0000	110
		_I2C_Interrupt_cfg		CODE           	1BEC	0000	54
		_I2C_Write_Collision_ISR		CODE           	1D56	0000	4
		_slew_rate_cfg 		CODE           	1B32	0000	62
		_slave_general_call_cfg		CODE           	1B70	0000	62

MCAL_Layer/I2C/hal_MSSP_I2C.c estimated size: 596

MCAL_Layer/usart/hal_usart.c
		_EUSART_RX_ISR 		CODE           	1D66	0000	2
		_EUSART_TX_ISR 		CODE           	1D5A	0000	4

MCAL_Layer/usart/hal_usart.c estimated size: 6

shared
		__initialization		CODE           	1AD0	0000	88
		_keypad_values 		SMALLCONST     	1001	0000	16

shared estimated size: 104

MCAL_Layer/Interrupt/mcal_external_interrupt.c
		_RB4_ISR       		CODE           	1CF8	0000	26
		_RB5_ISR       		CODE           	1CDE	0000	26
		_RB6_ISR       		CODE           	1CC4	0000	26
		_RB7_ISR       		CODE           	1CAA	0000	26
		_INT0_ISR      		CODE           	1D52	0000	4
		_INT1_ISR      		CODE           	1D4E	0000	4
		_INT2_ISR      		CODE           	1D4A	0000	4

MCAL_Layer/Interrupt/mcal_external_interrupt.c estimated size: 116

MCAL_Layer/Interrupt/mcal_interrupt_manager.c
		_InterruptManagerHigh		CODE           	0008	0000	988

MCAL_Layer/Interrupt/mcal_interrupt_manager.c estimated size: 988

MCAL_Layer/hal_gpio.c
		_gpio_pin_write_logic		CODE           	154E	0000	330
		_gpio_pin_direction_initialize		CODE           	13EC	0000	354
		_gpio_pin_initialize		CODE           	188A	0000	138

MCAL_Layer/hal_gpio.c estimated size: 822

MCAL_Layer/CCP1/hal_ccp1.c
		_CCP1_ISR      		CODE           	1D5E	0000	4

MCAL_Layer/CCP1/hal_ccp1.c estimated size: 4

application.c
		_APP_receive_ISR		CODE           	1C22	0000	54
		_main          		CODE           	1800	0000	138

application.c estimated size: 192

MCAL_Layer/Timer3/hal_timer3.c
		_TIMER3_ISR    		CODE           	1D1E	0000	12

MCAL_Layer/Timer3/hal_timer3.c estimated size: 12

MCAL_Layer/Timer2/hal_timer2.c
		_TIMER2_ISR    		CODE           	1D42	0000	8

MCAL_Layer/Timer2/hal_timer2.c estimated size: 8

MCAL_Layer/Timer1/hal_timer1.c
		_TIMER1_ISR    		CODE           	1D2A	0000	12

MCAL_Layer/Timer1/hal_timer1.c estimated size: 12

